  Wiederherzustellende Projekte werden ermittelt...
  Alle Projekte sind für die Wiederherstellung auf dem neuesten Stand.
C:\Users\Jonas\.nuget\packages\system.text.encodings.web\9.0.9\buildTransitive\net461\System.Text.Encodings.Web.targets(4,5): warning : System.Text.Encodings.Web 9.0.9 doesn't support net461 and has not been tested with it. Consider upgrading your TargetFramework to net462 or later. You may also set <SuppressTfmSupportBuildWarnings>true</SuppressTfmSupportBuildWarnings> in the project file to ignore this warning and attempt to run in this unsupported configuration at your own risk. [C:\Users\Jonas\repos\private\JKamsker\LiteDB\LiteDB.Tests\LiteDB.Tests.csproj::TargetFramework=net461]
C:\Users\Jonas\.nuget\packages\system.io.pipelines\9.0.9\buildTransitive\net461\System.IO.Pipelines.targets(4,5): warning : System.IO.Pipelines 9.0.9 doesn't support net461 and has not been tested with it. Consider upgrading your TargetFramework to net462 or later. You may also set <SuppressTfmSupportBuildWarnings>true</SuppressTfmSupportBuildWarnings> in the project file to ignore this warning and attempt to run in this unsupported configuration at your own risk. [C:\Users\Jonas\repos\private\JKamsker\LiteDB\LiteDB.Tests\LiteDB.Tests.csproj::TargetFramework=net461]
C:\Users\Jonas\.nuget\packages\microsoft.bcl.asyncinterfaces\9.0.9\buildTransitive\net461\Microsoft.Bcl.AsyncInterfaces.targets(4,5): warning : Microsoft.Bcl.AsyncInterfaces 9.0.9 doesn't support net461 and has not been tested with it. Consider upgrading your TargetFramework to net462 or later. You may also set <SuppressTfmSupportBuildWarnings>true</SuppressTfmSupportBuildWarnings> in the project file to ignore this warning and attempt to run in this unsupported configuration at your own risk. [C:\Users\Jonas\repos\private\JKamsker\LiteDB\LiteDB.Tests\LiteDB.Tests.csproj::TargetFramework=net461]
C:\Users\Jonas\.nuget\packages\system.text.json\9.0.9\buildTransitive\net461\System.Text.Json.targets(4,5): warning : System.Text.Json 9.0.9 doesn't support net461 and has not been tested with it. Consider upgrading your TargetFramework to net462 or later. You may also set <SuppressTfmSupportBuildWarnings>true</SuppressTfmSupportBuildWarnings> in the project file to ignore this warning and attempt to run in this unsupported configuration at your own risk. [C:\Users\Jonas\repos\private\JKamsker\LiteDB\LiteDB.Tests\LiteDB.Tests.csproj::TargetFramework=net461]
C:\Users\Jonas\repos\private\JKamsker\LiteDB\LiteDB\Client\Mapper\BsonMapper.Deserialize.cs(26,39): warning CS8632: Die Anmerkung für Nullable-Verweistypen darf nur in Code innerhalb eines #nullable-Anmerkungskontexts verwendet werden. [C:\Users\Jonas\repos\private\JKamsker\LiteDB\LiteDB\LiteDB.csproj::TargetFramework=netstandard2.0]
C:\Users\Jonas\repos\private\JKamsker\LiteDB\LiteDB\Client\Database\LiteRepository.cs(188,112): warning CS8632: Die Anmerkung für Nullable-Verweistypen darf nur in Code innerhalb eines #nullable-Anmerkungskontexts verwendet werden. [C:\Users\Jonas\repos\private\JKamsker\LiteDB\LiteDB\LiteDB.csproj::TargetFramework=netstandard2.0]
C:\Users\Jonas\repos\private\JKamsker\LiteDB\LiteDB\Client\Database\LiteRepository.cs(204,99): warning CS8632: Die Anmerkung für Nullable-Verweistypen darf nur in Code innerhalb eines #nullable-Anmerkungskontexts verwendet werden. [C:\Users\Jonas\repos\private\JKamsker\LiteDB\LiteDB\LiteDB.csproj::TargetFramework=netstandard2.0]
C:\Users\Jonas\repos\private\JKamsker\LiteDB\LiteDB\Client\Database\LiteRepository.cs(220,111): warning CS8632: Die Anmerkung für Nullable-Verweistypen darf nur in Code innerhalb eines #nullable-Anmerkungskontexts verwendet werden. [C:\Users\Jonas\repos\private\JKamsker\LiteDB\LiteDB\LiteDB.csproj::TargetFramework=netstandard2.0]
C:\Users\Jonas\repos\private\JKamsker\LiteDB\LiteDB\Client\Database\LiteRepository.cs(237,124): warning CS8632: Die Anmerkung für Nullable-Verweistypen darf nur in Code innerhalb eines #nullable-Anmerkungskontexts verwendet werden. [C:\Users\Jonas\repos\private\JKamsker\LiteDB\LiteDB\LiteDB.csproj::TargetFramework=netstandard2.0]
C:\Users\Jonas\repos\private\JKamsker\LiteDB\LiteDB\Document\BsonVector.cs(14,39): warning CS8632: Die Anmerkung für Nullable-Verweistypen darf nur in Code innerhalb eines #nullable-Anmerkungskontexts verwendet werden. [C:\Users\Jonas\repos\private\JKamsker\LiteDB\LiteDB\LiteDB.csproj::TargetFramework=netstandard2.0]
  LiteDB -> C:\Users\Jonas\repos\private\JKamsker\LiteDB\LiteDB\bin\Release\netstandard2.0\LiteDB.dll
C:\Users\Jonas\repos\private\JKamsker\LiteDB\LiteDB\Client\Mapper\BsonMapper.Deserialize.cs(26,39): warning CS8632: Die Anmerkung für Nullable-Verweistypen darf nur in Code innerhalb eines #nullable-Anmerkungskontexts verwendet werden. [C:\Users\Jonas\repos\private\JKamsker\LiteDB\LiteDB\LiteDB.csproj::TargetFramework=net8.0]
C:\Users\Jonas\repos\private\JKamsker\LiteDB\LiteDB\Document\BsonVector.cs(14,39): warning CS8632: Die Anmerkung für Nullable-Verweistypen darf nur in Code innerhalb eines #nullable-Anmerkungskontexts verwendet werden. [C:\Users\Jonas\repos\private\JKamsker\LiteDB\LiteDB\LiteDB.csproj::TargetFramework=net8.0]
C:\Users\Jonas\repos\private\JKamsker\LiteDB\LiteDB\Client\Database\LiteRepository.cs(188,112): warning CS8632: Die Anmerkung für Nullable-Verweistypen darf nur in Code innerhalb eines #nullable-Anmerkungskontexts verwendet werden. [C:\Users\Jonas\repos\private\JKamsker\LiteDB\LiteDB\LiteDB.csproj::TargetFramework=net8.0]
C:\Users\Jonas\repos\private\JKamsker\LiteDB\LiteDB\Client\Database\LiteRepository.cs(204,99): warning CS8632: Die Anmerkung für Nullable-Verweistypen darf nur in Code innerhalb eines #nullable-Anmerkungskontexts verwendet werden. [C:\Users\Jonas\repos\private\JKamsker\LiteDB\LiteDB\LiteDB.csproj::TargetFramework=net8.0]
C:\Users\Jonas\repos\private\JKamsker\LiteDB\LiteDB\Client\Database\LiteRepository.cs(220,111): warning CS8632: Die Anmerkung für Nullable-Verweistypen darf nur in Code innerhalb eines #nullable-Anmerkungskontexts verwendet werden. [C:\Users\Jonas\repos\private\JKamsker\LiteDB\LiteDB\LiteDB.csproj::TargetFramework=net8.0]
C:\Users\Jonas\repos\private\JKamsker\LiteDB\LiteDB\Client\Database\LiteRepository.cs(237,124): warning CS8632: Die Anmerkung für Nullable-Verweistypen darf nur in Code innerhalb eines #nullable-Anmerkungskontexts verwendet werden. [C:\Users\Jonas\repos\private\JKamsker\LiteDB\LiteDB\LiteDB.csproj::TargetFramework=net8.0]
C:\Users\Jonas\repos\private\JKamsker\LiteDB\LiteDB\Engine\FileReader\Legacy\AesEncryption.cs(21,23): warning SYSLIB0041: "Rfc2898DeriveBytes.Rfc2898DeriveBytes(string, byte[])" ist veraltet: "The default hash algorithm and iteration counts in Rfc2898DeriveBytes constructors are outdated and insecure. Use a constructor that accepts the hash algorithm and the number of iterations." (https://aka.ms/dotnet-warnings/SYSLIB0041) [C:\Users\Jonas\repos\private\JKamsker\LiteDB\LiteDB\LiteDB.csproj::TargetFramework=net8.0]
C:\Users\Jonas\repos\private\JKamsker\LiteDB\LiteDB\Engine\Disk\Streams\AesStream.cs(93,27): warning SYSLIB0041: "Rfc2898DeriveBytes.Rfc2898DeriveBytes(string, byte[])" ist veraltet: "The default hash algorithm and iteration counts in Rfc2898DeriveBytes constructors are outdated and insecure. Use a constructor that accepts the hash algorithm and the number of iterations." (https://aka.ms/dotnet-warnings/SYSLIB0041) [C:\Users\Jonas\repos\private\JKamsker\LiteDB\LiteDB\LiteDB.csproj::TargetFramework=net8.0]
C:\Users\Jonas\repos\private\JKamsker\LiteDB\LiteDB\Document\DataReader\BsonDataReader.cs(111,25): warning CA2200: Durch ein erneutes Auslösen einer abgefangenen Ausnahme werden die Stapelinformationen geändert. (https://learn.microsoft.com/dotnet/fundamentals/code-analysis/quality-rules/ca2200) [C:\Users\Jonas\repos\private\JKamsker\LiteDB\LiteDB\LiteDB.csproj::TargetFramework=net8.0]
C:\Users\Jonas\repos\private\JKamsker\LiteDB\LiteDB\Engine\Query\QueryExecutor.cs(139,25): warning CA2200: Durch ein erneutes Auslösen einer abgefangenen Ausnahme werden die Stapelinformationen geändert. (https://learn.microsoft.com/dotnet/fundamentals/code-analysis/quality-rules/ca2200) [C:\Users\Jonas\repos\private\JKamsker\LiteDB\LiteDB\LiteDB.csproj::TargetFramework=net8.0]
C:\Users\Jonas\repos\private\JKamsker\LiteDB\LiteDB\Engine\Query\QueryExecutor.cs(160,29): warning CA2200: Durch ein erneutes Auslösen einer abgefangenen Ausnahme werden die Stapelinformationen geändert. (https://learn.microsoft.com/dotnet/fundamentals/code-analysis/quality-rules/ca2200) [C:\Users\Jonas\repos\private\JKamsker\LiteDB\LiteDB\LiteDB.csproj::TargetFramework=net8.0]
  LiteDB -> C:\Users\Jonas\repos\private\JKamsker\LiteDB\LiteDB\bin\Release\net8.0\LiteDB.dll
C:\Users\Jonas\repos\private\JKamsker\LiteDB\LiteDB.Vector\Expressions\VectorExpressions.cs(151,31): warning CS0618: "BsonType.Vector" ist veraltet: "Vector serialization is provided by the LiteDB.Vector plugin via the BSON type registry." [C:\Users\Jonas\repos\private\JKamsker\LiteDB\LiteDB.Vector\LiteDB.Vector.csproj::TargetFramework=netstandard2.0]
C:\Users\Jonas\repos\private\JKamsker\LiteDB\LiteDB.Vector\Query\VectorIndexPlanningRule.cs(60,39): warning CS0618: "Query.VectorTarget" ist veraltet: "VectorTarget is provided via LiteDB.Vector metadata bag. Use QueryMetadataBag instead." [C:\Users\Jonas\repos\private\JKamsker\LiteDB\LiteDB.Vector\LiteDB.Vector.csproj::TargetFramework=netstandard2.0]
C:\Users\Jonas\repos\private\JKamsker\LiteDB\LiteDB.Vector\Query\VectorIndexPlanningRule.cs(60,77): warning CS0618: "Query.VectorField" ist veraltet: "VectorField is provided via LiteDB.Vector metadata bag. Use QueryMetadataBag instead." [C:\Users\Jonas\repos\private\JKamsker\LiteDB\LiteDB.Vector\LiteDB.Vector.csproj::TargetFramework=netstandard2.0]
C:\Users\Jonas\repos\private\JKamsker\LiteDB\LiteDB.Vector\Query\VectorIndexPlanningRule.cs(62,51): warning CS0618: "Query.VectorField" ist veraltet: "VectorField is provided via LiteDB.Vector metadata bag. Use QueryMetadataBag instead." [C:\Users\Jonas\repos\private\JKamsker\LiteDB\LiteDB.Vector\LiteDB.Vector.csproj::TargetFramework=netstandard2.0]
C:\Users\Jonas\repos\private\JKamsker\LiteDB\LiteDB.Vector\Query\VectorIndexPlanningRule.cs(63,26): warning CS0618: "Query.VectorTarget" ist veraltet: "VectorTarget is provided via LiteDB.Vector metadata bag. Use QueryMetadataBag instead." [C:\Users\Jonas\repos\private\JKamsker\LiteDB\LiteDB.Vector\LiteDB.Vector.csproj::TargetFramework=netstandard2.0]
C:\Users\Jonas\repos\private\JKamsker\LiteDB\LiteDB.Vector\Query\VectorIndexPlanningRule.cs(64,31): warning CS0618: "Query.VectorMaxDistance" ist veraltet: "VectorMaxDistance is provided via LiteDB.Vector metadata bag. Use QueryMetadataBag instead." [C:\Users\Jonas\repos\private\JKamsker\LiteDB\LiteDB.Vector\LiteDB.Vector.csproj::TargetFramework=netstandard2.0]
C:\Users\Jonas\repos\private\JKamsker\LiteDB\LiteDB.Vector\Query\VectorIndexPlanningRule.cs(77,82): warning CS0618: "Query.VectorMetric" ist veraltet: "VectorMetric is provided via LiteDB.Vector metadata bag. Use QueryMetadataBag instead." [C:\Users\Jonas\repos\private\JKamsker\LiteDB\LiteDB.Vector\LiteDB.Vector.csproj::TargetFramework=netstandard2.0]
C:\Users\Jonas\repos\private\JKamsker\LiteDB\LiteDB.Vector\Query\VectorIndexPlanningRule.cs(199,31): warning CS0618: "BsonType.Vector" ist veraltet: "Vector serialization is provided by the LiteDB.Vector plugin via the BSON type registry." [C:\Users\Jonas\repos\private\JKamsker\LiteDB\LiteDB.Vector\LiteDB.Vector.csproj::TargetFramework=netstandard2.0]
C:\Users\Jonas\repos\private\JKamsker\LiteDB\LiteDB.Vector\Extensions\VectorScoreQueryableResult.cs(243,21): warning CS0618: "Query.VectorField" ist veraltet: "VectorField is provided via LiteDB.Vector metadata bag. Use QueryMetadataBag instead." [C:\Users\Jonas\repos\private\JKamsker\LiteDB\LiteDB.Vector\LiteDB.Vector.csproj::TargetFramework=netstandard2.0]
C:\Users\Jonas\repos\private\JKamsker\LiteDB\LiteDB.Vector\Extensions\VectorScoreQueryableResult.cs(243,50): warning CS0618: "Query.VectorTarget" ist veraltet: "VectorTarget is provided via LiteDB.Vector metadata bag. Use QueryMetadataBag instead." [C:\Users\Jonas\repos\private\JKamsker\LiteDB\LiteDB.Vector\LiteDB.Vector.csproj::TargetFramework=netstandard2.0]
C:\Users\Jonas\repos\private\JKamsker\LiteDB\LiteDB.Vector\Extensions\VectorScoreQueryableResult.cs(248,30): warning CS0618: "Query.VectorMetric" ist veraltet: "VectorMetric is provided via LiteDB.Vector metadata bag. Use QueryMetadataBag instead." [C:\Users\Jonas\repos\private\JKamsker\LiteDB\LiteDB.Vector\LiteDB.Vector.csproj::TargetFramework=netstandard2.0]
C:\Users\Jonas\repos\private\JKamsker\LiteDB\LiteDB.Vector\Extensions\VectorScoreQueryableResult.cs(249,45): warning CS0618: "Query.VectorMetric" ist veraltet: "VectorMetric is provided via LiteDB.Vector metadata bag. Use QueryMetadataBag instead." [C:\Users\Jonas\repos\private\JKamsker\LiteDB\LiteDB.Vector\LiteDB.Vector.csproj::TargetFramework=netstandard2.0]
C:\Users\Jonas\repos\private\JKamsker\LiteDB\LiteDB.Vector\Extensions\VectorScoreQueryableResult.cs(252,61): warning CS0618: "Query.VectorField" ist veraltet: "VectorField is provided via LiteDB.Vector metadata bag. Use QueryMetadataBag instead." [C:\Users\Jonas\repos\private\JKamsker\LiteDB\LiteDB.Vector\LiteDB.Vector.csproj::TargetFramework=netstandard2.0]
C:\Users\Jonas\repos\private\JKamsker\LiteDB\LiteDB.Vector\Extensions\VectorScoreQueryableResult.cs(253,30): warning CS0618: "Query.VectorTarget" ist veraltet: "VectorTarget is provided via LiteDB.Vector metadata bag. Use QueryMetadataBag instead." [C:\Users\Jonas\repos\private\JKamsker\LiteDB\LiteDB.Vector\LiteDB.Vector.csproj::TargetFramework=netstandard2.0]
C:\Users\Jonas\repos\private\JKamsker\LiteDB\LiteDB.Vector\Extensions\VectorScoreQueryableResult.cs(254,35): warning CS0618: "Query.VectorMaxDistance" ist veraltet: "VectorMaxDistance is provided via LiteDB.Vector metadata bag. Use QueryMetadataBag instead." [C:\Users\Jonas\repos\private\JKamsker\LiteDB\LiteDB.Vector\LiteDB.Vector.csproj::TargetFramework=netstandard2.0]
C:\Users\Jonas\repos\private\JKamsker\LiteDB\LiteDB.Vector\Engine\VectorIndexService.cs(278,102): warning CS8625: Ein NULL-Literal kann nicht in einen Non-Nullable-Verweistyp konvertiert werden. [C:\Users\Jonas\repos\private\JKamsker\LiteDB\LiteDB.Vector\LiteDB.Vector.csproj::TargetFramework=netstandard2.0]
C:\Users\Jonas\repos\private\JKamsker\LiteDB\LiteDB.Vector\Engine\VectorIndexService.cs(292,21): warning CS8625: Ein NULL-Literal kann nicht in einen Non-Nullable-Verweistyp konvertiert werden. [C:\Users\Jonas\repos\private\JKamsker\LiteDB\LiteDB.Vector\LiteDB.Vector.csproj::TargetFramework=netstandard2.0]
C:\Users\Jonas\repos\private\JKamsker\LiteDB\LiteDB.Vector\Engine\VectorIndexService.cs(555,20): warning CS8625: Ein NULL-Literal kann nicht in einen Non-Nullable-Verweistyp konvertiert werden. [C:\Users\Jonas\repos\private\JKamsker\LiteDB\LiteDB.Vector\LiteDB.Vector.csproj::TargetFramework=netstandard2.0]
C:\Users\Jonas\repos\private\JKamsker\LiteDB\LiteDB.Vector\Engine\VectorIndexService.cs(720,35): warning CS8600: Das NULL-Literal oder ein möglicher NULL-Wert wird in einen Non-Nullable-Typ konvertiert. [C:\Users\Jonas\repos\private\JKamsker\LiteDB\LiteDB.Vector\LiteDB.Vector.csproj::TargetFramework=netstandard2.0]
C:\Users\Jonas\repos\private\JKamsker\LiteDB\LiteDB.Vector\Engine\VectorIndexService.cs(947,31): warning CS0618: "BsonType.Vector" ist veraltet: "Vector serialization is provided by the LiteDB.Vector plugin via the BSON type registry." [C:\Users\Jonas\repos\private\JKamsker\LiteDB\LiteDB.Vector\LiteDB.Vector.csproj::TargetFramework=netstandard2.0]
C:\Users\Jonas\repos\private\JKamsker\LiteDB\LiteDB.Vector\Engine\VectorIndexService.cs(938,22): warning CS8625: Ein NULL-Literal kann nicht in einen Non-Nullable-Verweistyp konvertiert werden. [C:\Users\Jonas\repos\private\JKamsker\LiteDB\LiteDB.Vector\LiteDB.Vector.csproj::TargetFramework=netstandard2.0]
  LiteDB.Vector -> C:\Users\Jonas\repos\private\JKamsker\LiteDB\LiteDB.Vector\bin\Release\netstandard2.0\LiteDB.Vector.dll
  LiteDB.Vector -> C:\Users\Jonas\repos\private\JKamsker\LiteDB\LiteDB.Vector\bin\Release\net8.0\LiteDB.Vector.dll
C:\Users\Jonas\repos\private\JKamsker\LiteDB\LiteDB.Tests\Issues\Issue2265_Tests.cs(38,20): warning CS8632: Die Anmerkung für Nullable-Verweistypen darf nur in Code innerhalb eines #nullable-Anmerkungskontexts verwendet werden. [C:\Users\Jonas\repos\private\JKamsker\LiteDB\LiteDB.Tests\LiteDB.Tests.csproj::TargetFramework=net481]
C:\Users\Jonas\repos\private\JKamsker\LiteDB\LiteDB.Tests\Issues\Issue2112_Tests.cs(32,13): warning xUnit2013: Do not use Assert.Equal() to check for collection size. Use Assert.Single instead. (https://xunit.net/xunit.analyzers/rules/xUnit2013) [C:\Users\Jonas\repos\private\JKamsker\LiteDB\LiteDB.Tests\LiteDB.Tests.csproj::TargetFramework=net481]
C:\Users\Jonas\repos\private\JKamsker\LiteDB\LiteDB.Tests\Issues\Issue2265_Tests.cs(38,20): warning CS8632: Die Anmerkung für Nullable-Verweistypen darf nur in Code innerhalb eines #nullable-Anmerkungskontexts verwendet werden. [C:\Users\Jonas\repos\private\JKamsker\LiteDB\LiteDB.Tests\LiteDB.Tests.csproj::TargetFramework=net461]
C:\Users\Jonas\repos\private\JKamsker\LiteDB\LiteDB.Tests\Issues\Issue2112_Tests.cs(32,13): warning xUnit2013: Do not use Assert.Equal() to check for collection size. Use Assert.Single instead. (https://xunit.net/xunit.analyzers/rules/xUnit2013) [C:\Users\Jonas\repos\private\JKamsker\LiteDB\LiteDB.Tests\LiteDB.Tests.csproj::TargetFramework=net461]
  LiteDB.Tests -> C:\Users\Jonas\repos\private\JKamsker\LiteDB\LiteDB.Tests\bin\Release\net481\LiteDB.Tests.dll
  LiteDB.Tests -> C:\Users\Jonas\repos\private\JKamsker\LiteDB\LiteDB.Tests\bin\Release\net461\LiteDB.Tests.dll
  LiteDB.Tests -> C:\Users\Jonas\repos\private\JKamsker\LiteDB\LiteDB.Tests\bin\Release\net8.0\LiteDB.Tests.dll
Testlauf für "C:\Users\Jonas\repos\private\JKamsker\LiteDB\LiteDB.Tests\bin\Release\net8.0\LiteDB.Tests.dll" (.NETCoreApp,Version=v8.0)
Testlauf für "C:\Users\Jonas\repos\private\JKamsker\LiteDB\LiteDB.Tests\bin\Release\net461\LiteDB.Tests.dll" (.NETFramework,Version=v4.6.1)
C:\Users\Jonas\.nuget\packages\system.text.encodings.web\9.0.9\buildTransitive\net461\System.Text.Encodings.Web.targets(4,5): warning : System.Text.Encodings.Web 9.0.9 doesn't support net461 and has not been tested with it. Consider upgrading your TargetFramework to net462 or later. You may also set <SuppressTfmSupportBuildWarnings>true</SuppressTfmSupportBuildWarnings> in the project file to ignore this warning and attempt to run in this unsupported configuration at your own risk. [C:\Users\Jonas\repos\private\JKamsker\LiteDB\LiteDB.Tests\LiteDB.Tests.csproj::TargetFramework=net461]
C:\Users\Jonas\.nuget\packages\system.io.pipelines\9.0.9\buildTransitive\net461\System.IO.Pipelines.targets(4,5): warning : System.IO.Pipelines 9.0.9 doesn't support net461 and has not been tested with it. Consider upgrading your TargetFramework to net462 or later. You may also set <SuppressTfmSupportBuildWarnings>true</SuppressTfmSupportBuildWarnings> in the project file to ignore this warning and attempt to run in this unsupported configuration at your own risk. [C:\Users\Jonas\repos\private\JKamsker\LiteDB\LiteDB.Tests\LiteDB.Tests.csproj::TargetFramework=net461]
C:\Users\Jonas\.nuget\packages\microsoft.bcl.asyncinterfaces\9.0.9\buildTransitive\net461\Microsoft.Bcl.AsyncInterfaces.targets(4,5): warning : Microsoft.Bcl.AsyncInterfaces 9.0.9 doesn't support net461 and has not been tested with it. Consider upgrading your TargetFramework to net462 or later. You may also set <SuppressTfmSupportBuildWarnings>true</SuppressTfmSupportBuildWarnings> in the project file to ignore this warning and attempt to run in this unsupported configuration at your own risk. [C:\Users\Jonas\repos\private\JKamsker\LiteDB\LiteDB.Tests\LiteDB.Tests.csproj::TargetFramework=net461]
C:\Users\Jonas\.nuget\packages\system.text.json\9.0.9\buildTransitive\net461\System.Text.Json.targets(4,5): warning : System.Text.Json 9.0.9 doesn't support net461 and has not been tested with it. Consider upgrading your TargetFramework to net462 or later. You may also set <SuppressTfmSupportBuildWarnings>true</SuppressTfmSupportBuildWarnings> in the project file to ignore this warning and attempt to run in this unsupported configuration at your own risk. [C:\Users\Jonas\repos\private\JKamsker\LiteDB\LiteDB.Tests\LiteDB.Tests.csproj::TargetFramework=net461]
Testlauf für "C:\Users\Jonas\repos\private\JKamsker\LiteDB\LiteDB.Tests\bin\Release\net481\LiteDB.Tests.dll" (.NETFramework,Version=v4.8.1)
VSTest-Version 17.14.1 (x64)

VSTest-Version 17.14.1 (x64)

VSTest-Version 17.14.1 (x64)

Die Testausführung wird gestartet, bitte warten...
Die Testausführung wird gestartet, bitte warten...
Insgesamt 1 Testdateien stimmten mit dem angegebenen Muster überein.
Insgesamt 1 Testdateien stimmten mit dem angegebenen Muster überein.
Die Testausführung wird gestartet, bitte warten...
Insgesamt 1 Testdateien stimmten mit dem angegebenen Muster überein.
In "C:\Users\Jonas\repos\private\JKamsker\LiteDB\LiteDB.Tests\bin\Release\net461\LiteDB.Tests.dll" ist kein Test verfügbar. Stellen Sie sicher, dass die Testdiscoverer und -executors registriert und die Versionseinstellungen für Plattform und Framework richtig sind, und wiederholen Sie den Vorgang.
In "C:\Users\Jonas\repos\private\JKamsker\LiteDB\LiteDB.Tests\bin\Release\net481\LiteDB.Tests.dll" ist kein Test verfügbar. Stellen Sie sicher, dass die Testdiscoverer und -executors registriert und die Versionseinstellungen für Plattform und Framework richtig sind, und wiederholen Sie den Vorgang.



Bestanden!   : Fehler:     0, erfolgreich:     3, übersprungen:     0, gesamt:     3, Dauer: 128 ms - LiteDB.Tests.dll (net8.0)
